---
source: src/ir/tests/lower.rs
expression: program.program()
---
Program {
    structs: [],
    globals: [],
    functions: [
        Function {
            parameters: 0,
            result: None,
            values: [],
            flow: ControlFlow {
                entry: BlockId(
                    0,
                ),
                locals: [],
                blocks: [
                    Block {
                        instructions: [],
                        terminator: Return {
                            value: None,
                        },
                    },
                ],
            },
        },
    ],
    main: FunctionId(
        0,
    ),
}
