---
source: src/ir/tests/lower.rs
expression: program.program()
---
Program {
    globals: [],
    functions: [
        Function {
            parameters: 0,
            result: None,
            values: [
                Value {
                    span: None,
                    ty: Scalar(
                        Int,
                    ),
                    kind: Load(
                        Local(
                            LocalId(
                                0,
                            ),
                        ),
                    ),
                },
            ],
            flow: ControlFlow {
                entry: BlockId(
                    0,
                ),
                locals: [
                    Scalar(
                        Int,
                    ),
                ],
                blocks: [
                    Block {
                        instructions: [
                            Store {
                                place: Local(
                                    LocalId(
                                        0,
                                    ),
                                ),
                                operand: Literal(
                                    Integer {
                                        value: 1,
                                        ty: Int,
                                    },
                                ),
                            },
                            Store {
                                place: Local(
                                    LocalId(
                                        0,
                                    ),
                                ),
                                operand: Literal(
                                    Integer {
                                        value: 42,
                                        ty: Int,
                                    },
                                ),
                            },
                            Value(
                                ValueId(
                                    0,
                                ),
                            ),
                        ],
                        terminator: Exit {
                            status: Value(
                                ValueId(
                                    0,
                                ),
                            ),
                        },
                    },
                ],
            },
        },
    ],
    main: FunctionId(
        0,
    ),
}
