---
source: src/ir/tests/lower.rs
expression: program.program()
---
Program {
    globals: [],
    functions: [
        Function {
            parameters: 0,
            result: None,
            values: [
                Value {
                    span: None,
                    ty: Scalar(
                        Int,
                    ),
                    kind: Load(
                        Local(
                            LocalId(
                                1,
                            ),
                        ),
                    ),
                },
                Value {
                    span: Some(
                        91..92,
                    ),
                    ty: Scalar(
                        Bool,
                    ),
                    kind: Comparison {
                        operator: Less,
                        left: Value(
                            ValueId(
                                0,
                            ),
                        ),
                        right: Literal(
                            Integer {
                                value: 3,
                                ty: Int,
                            },
                        ),
                    },
                },
                Value {
                    span: None,
                    ty: Scalar(
                        Int,
                    ),
                    kind: Load(
                        Local(
                            LocalId(
                                2,
                            ),
                        ),
                    ),
                },
                Value {
                    span: Some(
                        142..143,
                    ),
                    ty: Scalar(
                        Bool,
                    ),
                    kind: Comparison {
                        operator: Less,
                        left: Value(
                            ValueId(
                                2,
                            ),
                        ),
                        right: Literal(
                            Integer {
                                value: 3,
                                ty: Int,
                            },
                        ),
                    },
                },
                Value {
                    span: None,
                    ty: Scalar(
                        Int,
                    ),
                    kind: Load(
                        Local(
                            LocalId(
                                2,
                            ),
                        ),
                    ),
                },
                Value {
                    span: Some(
                        185..187,
                    ),
                    ty: Scalar(
                        Bool,
                    ),
                    kind: Comparison {
                        operator: Equal,
                        left: Value(
                            ValueId(
                                4,
                            ),
                        ),
                        right: Literal(
                            Integer {
                                value: 0,
                                ty: Int,
                            },
                        ),
                    },
                },
                Value {
                    span: None,
                    ty: Scalar(
                        Int,
                    ),
                    kind: Load(
                        Local(
                            LocalId(
                                1,
                            ),
                        ),
                    ),
                },
                Value {
                    span: None,
                    ty: Scalar(
                        Int,
                    ),
                    kind: Load(
                        Local(
                            LocalId(
                                2,
                            ),
                        ),
                    ),
                },
                Value {
                    span: Some(
                        233..235,
                    ),
                    ty: Scalar(
                        Bool,
                    ),
                    kind: Comparison {
                        operator: Equal,
                        left: Value(
                            ValueId(
                                6,
                            ),
                        ),
                        right: Value(
                            ValueId(
                                7,
                            ),
                        ),
                    },
                },
                Value {
                    span: None,
                    ty: Scalar(
                        Int,
                    ),
                    kind: Load(
                        Local(
                            LocalId(
                                0,
                            ),
                        ),
                    ),
                },
                Value {
                    span: Some(
                        246..248,
                    ),
                    ty: Scalar(
                        Int,
                    ),
                    kind: Binary {
                        operator: Add,
                        form: CompoundAssignment,
                        left: Value(
                            ValueId(
                                9,
                            ),
                        ),
                        right: Literal(
                            Integer {
                                value: 1,
                                ty: Int,
                            },
                        ),
                    },
                },
                Value {
                    span: None,
                    ty: Scalar(
                        Int,
                    ),
                    kind: Load(
                        Local(
                            LocalId(
                                2,
                            ),
                        ),
                    ),
                },
                Value {
                    span: Some(
                        149..151,
                    ),
                    ty: Scalar(
                        Int,
                    ),
                    kind: Binary {
                        operator: Add,
                        form: CompoundAssignment,
                        left: Value(
                            ValueId(
                                11,
                            ),
                        ),
                        right: Literal(
                            Integer {
                                value: 1,
                                ty: Int,
                            },
                        ),
                    },
                },
                Value {
                    span: None,
                    ty: Scalar(
                        Int,
                    ),
                    kind: Load(
                        Local(
                            LocalId(
                                1,
                            ),
                        ),
                    ),
                },
                Value {
                    span: Some(
                        98..100,
                    ),
                    ty: Scalar(
                        Int,
                    ),
                    kind: Binary {
                        operator: Add,
                        form: CompoundAssignment,
                        left: Value(
                            ValueId(
                                13,
                            ),
                        ),
                        right: Literal(
                            Integer {
                                value: 1,
                                ty: Int,
                            },
                        ),
                    },
                },
                Value {
                    span: None,
                    ty: Scalar(
                        Int,
                    ),
                    kind: Load(
                        Local(
                            LocalId(
                                0,
                            ),
                        ),
                    ),
                },
            ],
            flow: ControlFlow {
                entry: BlockId(
                    0,
                ),
                locals: [
                    Scalar(
                        Int,
                    ),
                    Scalar(
                        Int,
                    ),
                    Scalar(
                        Int,
                    ),
                ],
                blocks: [
                    Block {
                        instructions: [
                            Store {
                                place: Local(
                                    LocalId(
                                        0,
                                    ),
                                ),
                                operand: Literal(
                                    Integer {
                                        value: 0,
                                        ty: Int,
                                    },
                                ),
                            },
                            Store {
                                place: Local(
                                    LocalId(
                                        1,
                                    ),
                                ),
                                operand: Literal(
                                    Integer {
                                        value: 0,
                                        ty: Int,
                                    },
                                ),
                            },
                        ],
                        terminator: Jump {
                            target: BlockId(
                                1,
                            ),
                        },
                    },
                    Block {
                        instructions: [
                            Value(
                                ValueId(
                                    0,
                                ),
                            ),
                            Value(
                                ValueId(
                                    1,
                                ),
                            ),
                        ],
                        terminator: Branch {
                            condition: Value(
                                ValueId(
                                    1,
                                ),
                            ),
                            then_target: BlockId(
                                2,
                            ),
                            else_target: BlockId(
                                4,
                            ),
                        },
                    },
                    Block {
                        instructions: [
                            Store {
                                place: Local(
                                    LocalId(
                                        2,
                                    ),
                                ),
                                operand: Literal(
                                    Integer {
                                        value: 0,
                                        ty: Int,
                                    },
                                ),
                            },
                        ],
                        terminator: Jump {
                            target: BlockId(
                                5,
                            ),
                        },
                    },
                    Block {
                        instructions: [
                            Value(
                                ValueId(
                                    13,
                                ),
                            ),
                            Value(
                                ValueId(
                                    14,
                                ),
                            ),
                            Store {
                                place: Local(
                                    LocalId(
                                        1,
                                    ),
                                ),
                                operand: Value(
                                    ValueId(
                                        14,
                                    ),
                                ),
                            },
                        ],
                        terminator: Jump {
                            target: BlockId(
                                1,
                            ),
                        },
                    },
                    Block {
                        instructions: [
                            Value(
                                ValueId(
                                    15,
                                ),
                            ),
                        ],
                        terminator: Exit {
                            status: Value(
                                ValueId(
                                    15,
                                ),
                            ),
                        },
                    },
                    Block {
                        instructions: [
                            Value(
                                ValueId(
                                    2,
                                ),
                            ),
                            Value(
                                ValueId(
                                    3,
                                ),
                            ),
                        ],
                        terminator: Branch {
                            condition: Value(
                                ValueId(
                                    3,
                                ),
                            ),
                            then_target: BlockId(
                                6,
                            ),
                            else_target: BlockId(
                                8,
                            ),
                        },
                    },
                    Block {
                        instructions: [
                            Value(
                                ValueId(
                                    4,
                                ),
                            ),
                            Value(
                                ValueId(
                                    5,
                                ),
                            ),
                        ],
                        terminator: Branch {
                            condition: Value(
                                ValueId(
                                    5,
                                ),
                            ),
                            then_target: BlockId(
                                9,
                            ),
                            else_target: BlockId(
                                10,
                            ),
                        },
                    },
                    Block {
                        instructions: [
                            Value(
                                ValueId(
                                    11,
                                ),
                            ),
                            Value(
                                ValueId(
                                    12,
                                ),
                            ),
                            Store {
                                place: Local(
                                    LocalId(
                                        2,
                                    ),
                                ),
                                operand: Value(
                                    ValueId(
                                        12,
                                    ),
                                ),
                            },
                        ],
                        terminator: Jump {
                            target: BlockId(
                                5,
                            ),
                        },
                    },
                    Block {
                        instructions: [],
                        terminator: Jump {
                            target: BlockId(
                                3,
                            ),
                        },
                    },
                    Block {
                        instructions: [],
                        terminator: Jump {
                            target: BlockId(
                                7,
                            ),
                        },
                    },
                    Block {
                        instructions: [],
                        terminator: Jump {
                            target: BlockId(
                                11,
                            ),
                        },
                    },
                    Block {
                        instructions: [
                            Value(
                                ValueId(
                                    6,
                                ),
                            ),
                            Value(
                                ValueId(
                                    7,
                                ),
                            ),
                            Value(
                                ValueId(
                                    8,
                                ),
                            ),
                        ],
                        terminator: Branch {
                            condition: Value(
                                ValueId(
                                    8,
                                ),
                            ),
                            then_target: BlockId(
                                12,
                            ),
                            else_target: BlockId(
                                13,
                            ),
                        },
                    },
                    Block {
                        instructions: [
                            Value(
                                ValueId(
                                    9,
                                ),
                            ),
                            Value(
                                ValueId(
                                    10,
                                ),
                            ),
                            Store {
                                place: Local(
                                    LocalId(
                                        0,
                                    ),
                                ),
                                operand: Value(
                                    ValueId(
                                        10,
                                    ),
                                ),
                            },
                        ],
                        terminator: Jump {
                            target: BlockId(
                                4,
                            ),
                        },
                    },
                    Block {
                        instructions: [],
                        terminator: Jump {
                            target: BlockId(
                                14,
                            ),
                        },
                    },
                    Block {
                        instructions: [],
                        terminator: Jump {
                            target: BlockId(
                                7,
                            ),
                        },
                    },
                ],
            },
        },
    ],
    main: FunctionId(
        0,
    ),
}
