---
source: src/ir.rs
expression: program.program()
---
Program {
    globals: [],
    functions: [
        Function {
            parameters: 0,
            result: None,
            values: [
                Value {
                    span: None,
                    ty: Scalar(
                        Int,
                    ),
                    kind: Load(
                        Local(
                            LocalId(
                                0,
                            ),
                        ),
                    ),
                },
                Value {
                    span: None,
                    ty: Scalar(
                        Int,
                    ),
                    kind: Load(
                        Local(
                            LocalId(
                                1,
                            ),
                        ),
                    ),
                },
                Value {
                    span: Some(
                        100..101,
                    ),
                    ty: Scalar(
                        Int,
                    ),
                    kind: Binary {
                        operator: Add,
                        form: Infix,
                        left: Value(
                            ValueId(
                                0,
                            ),
                        ),
                        right: Value(
                            ValueId(
                                1,
                            ),
                        ),
                    },
                },
                Value {
                    span: None,
                    ty: Scalar(
                        Int,
                    ),
                    kind: Load(
                        Local(
                            LocalId(
                                0,
                            ),
                        ),
                    ),
                },
                Value {
                    span: None,
                    ty: Scalar(
                        Int,
                    ),
                    kind: Load(
                        Local(
                            LocalId(
                                1,
                            ),
                        ),
                    ),
                },
                Value {
                    span: Some(
                        124..125,
                    ),
                    ty: Scalar(
                        Int,
                    ),
                    kind: Binary {
                        operator: Subtract,
                        form: Infix,
                        left: Value(
                            ValueId(
                                3,
                            ),
                        ),
                        right: Value(
                            ValueId(
                                4,
                            ),
                        ),
                    },
                },
                Value {
                    span: None,
                    ty: Scalar(
                        Int,
                    ),
                    kind: Load(
                        Local(
                            LocalId(
                                0,
                            ),
                        ),
                    ),
                },
                Value {
                    span: None,
                    ty: Scalar(
                        Int,
                    ),
                    kind: Load(
                        Local(
                            LocalId(
                                1,
                            ),
                        ),
                    ),
                },
                Value {
                    span: Some(
                        164..165,
                    ),
                    ty: Scalar(
                        Int,
                    ),
                    kind: Binary {
                        operator: Multiply,
                        form: Infix,
                        left: Value(
                            ValueId(
                                6,
                            ),
                        ),
                        right: Value(
                            ValueId(
                                7,
                            ),
                        ),
                    },
                },
                Value {
                    span: None,
                    ty: Scalar(
                        Int,
                    ),
                    kind: Load(
                        Local(
                            LocalId(
                                0,
                            ),
                        ),
                    ),
                },
                Value {
                    span: None,
                    ty: Scalar(
                        Int,
                    ),
                    kind: Load(
                        Local(
                            LocalId(
                                1,
                            ),
                        ),
                    ),
                },
                Value {
                    span: Some(
                        186..187,
                    ),
                    ty: Scalar(
                        Int,
                    ),
                    kind: Binary {
                        operator: Divide,
                        form: Infix,
                        left: Value(
                            ValueId(
                                9,
                            ),
                        ),
                        right: Value(
                            ValueId(
                                10,
                            ),
                        ),
                    },
                },
                Value {
                    span: None,
                    ty: Scalar(
                        Int,
                    ),
                    kind: Load(
                        Local(
                            LocalId(
                                0,
                            ),
                        ),
                    ),
                },
                Value {
                    span: None,
                    ty: Scalar(
                        Int,
                    ),
                    kind: Load(
                        Local(
                            LocalId(
                                1,
                            ),
                        ),
                    ),
                },
                Value {
                    span: Some(
                        211..212,
                    ),
                    ty: Scalar(
                        Int,
                    ),
                    kind: Binary {
                        operator: Remainder,
                        form: Infix,
                        left: Value(
                            ValueId(
                                12,
                            ),
                        ),
                        right: Value(
                            ValueId(
                                13,
                            ),
                        ),
                    },
                },
                Value {
                    span: None,
                    ty: Scalar(
                        Int,
                    ),
                    kind: Load(
                        Local(
                            LocalId(
                                0,
                            ),
                        ),
                    ),
                },
                Value {
                    span: None,
                    ty: Scalar(
                        Int,
                    ),
                    kind: Load(
                        Local(
                            LocalId(
                                1,
                            ),
                        ),
                    ),
                },
                Value {
                    span: Some(
                        255..257,
                    ),
                    ty: Scalar(
                        Int,
                    ),
                    kind: Binary {
                        operator: WrappingAdd,
                        form: Infix,
                        left: Value(
                            ValueId(
                                15,
                            ),
                        ),
                        right: Value(
                            ValueId(
                                16,
                            ),
                        ),
                    },
                },
                Value {
                    span: None,
                    ty: Scalar(
                        Int,
                    ),
                    kind: Load(
                        Local(
                            LocalId(
                                0,
                            ),
                        ),
                    ),
                },
                Value {
                    span: None,
                    ty: Scalar(
                        Int,
                    ),
                    kind: Load(
                        Local(
                            LocalId(
                                1,
                            ),
                        ),
                    ),
                },
                Value {
                    span: Some(
                        289..291,
                    ),
                    ty: Scalar(
                        Int,
                    ),
                    kind: Binary {
                        operator: WrappingSubtract,
                        form: Infix,
                        left: Value(
                            ValueId(
                                18,
                            ),
                        ),
                        right: Value(
                            ValueId(
                                19,
                            ),
                        ),
                    },
                },
                Value {
                    span: None,
                    ty: Scalar(
                        Int,
                    ),
                    kind: Load(
                        Local(
                            LocalId(
                                0,
                            ),
                        ),
                    ),
                },
                Value {
                    span: None,
                    ty: Scalar(
                        Int,
                    ),
                    kind: Load(
                        Local(
                            LocalId(
                                1,
                            ),
                        ),
                    ),
                },
                Value {
                    span: Some(
                        339..341,
                    ),
                    ty: Scalar(
                        Int,
                    ),
                    kind: Binary {
                        operator: WrappingMultiply,
                        form: Infix,
                        left: Value(
                            ValueId(
                                21,
                            ),
                        ),
                        right: Value(
                            ValueId(
                                22,
                            ),
                        ),
                    },
                },
                Value {
                    span: None,
                    ty: Scalar(
                        Int,
                    ),
                    kind: Load(
                        Local(
                            LocalId(
                                0,
                            ),
                        ),
                    ),
                },
                Value {
                    span: Some(
                        376..377,
                    ),
                    ty: Scalar(
                        Int,
                    ),
                    kind: Unary {
                        operator: Negate,
                        operand: Value(
                            ValueId(
                                24,
                            ),
                        ),
                    },
                },
                Value {
                    span: None,
                    ty: Scalar(
                        Int,
                    ),
                    kind: Load(
                        Local(
                            LocalId(
                                0,
                            ),
                        ),
                    ),
                },
                Value {
                    span: Some(
                        404..406,
                    ),
                    ty: Scalar(
                        Int,
                    ),
                    kind: Unary {
                        operator: WrappingNegate,
                        operand: Value(
                            ValueId(
                                26,
                            ),
                        ),
                    },
                },
                Value {
                    span: None,
                    ty: Scalar(
                        Int,
                    ),
                    kind: Load(
                        Local(
                            LocalId(
                                0,
                            ),
                        ),
                    ),
                },
                Value {
                    span: Some(
                        428..429,
                    ),
                    ty: Scalar(
                        Int,
                    ),
                    kind: Unary {
                        operator: Complement,
                        operand: Value(
                            ValueId(
                                28,
                            ),
                        ),
                    },
                },
                Value {
                    span: None,
                    ty: Scalar(
                        Int,
                    ),
                    kind: Load(
                        Local(
                            LocalId(
                                0,
                            ),
                        ),
                    ),
                },
                Value {
                    span: None,
                    ty: Scalar(
                        Int,
                    ),
                    kind: Load(
                        Local(
                            LocalId(
                                1,
                            ),
                        ),
                    ),
                },
                Value {
                    span: Some(
                        462..463,
                    ),
                    ty: Scalar(
                        Int,
                    ),
                    kind: Binary {
                        operator: And,
                        form: Infix,
                        left: Value(
                            ValueId(
                                30,
                            ),
                        ),
                        right: Value(
                            ValueId(
                                31,
                            ),
                        ),
                    },
                },
                Value {
                    span: None,
                    ty: Scalar(
                        Int,
                    ),
                    kind: Load(
                        Local(
                            LocalId(
                                0,
                            ),
                        ),
                    ),
                },
                Value {
                    span: None,
                    ty: Scalar(
                        Int,
                    ),
                    kind: Load(
                        Local(
                            LocalId(
                                1,
                            ),
                        ),
                    ),
                },
                Value {
                    span: Some(
                        487..488,
                    ),
                    ty: Scalar(
                        Int,
                    ),
                    kind: Unary {
                        operator: Complement,
                        operand: Value(
                            ValueId(
                                34,
                            ),
                        ),
                    },
                },
                Value {
                    span: Some(
                        485..486,
                    ),
                    ty: Scalar(
                        Int,
                    ),
                    kind: Binary {
                        operator: And,
                        form: Infix,
                        left: Value(
                            ValueId(
                                33,
                            ),
                        ),
                        right: Value(
                            ValueId(
                                35,
                            ),
                        ),
                    },
                },
                Value {
                    span: None,
                    ty: Scalar(
                        Int,
                    ),
                    kind: Load(
                        Local(
                            LocalId(
                                0,
                            ),
                        ),
                    ),
                },
                Value {
                    span: None,
                    ty: Scalar(
                        Int,
                    ),
                    kind: Load(
                        Local(
                            LocalId(
                                1,
                            ),
                        ),
                    ),
                },
                Value {
                    span: Some(
                        521..522,
                    ),
                    ty: Scalar(
                        Int,
                    ),
                    kind: Binary {
                        operator: Xor,
                        form: Infix,
                        left: Value(
                            ValueId(
                                37,
                            ),
                        ),
                        right: Value(
                            ValueId(
                                38,
                            ),
                        ),
                    },
                },
                Value {
                    span: None,
                    ty: Scalar(
                        Int,
                    ),
                    kind: Load(
                        Local(
                            LocalId(
                                0,
                            ),
                        ),
                    ),
                },
                Value {
                    span: None,
                    ty: Scalar(
                        Int,
                    ),
                    kind: Load(
                        Local(
                            LocalId(
                                1,
                            ),
                        ),
                    ),
                },
                Value {
                    span: Some(
                        539..540,
                    ),
                    ty: Scalar(
                        Int,
                    ),
                    kind: Binary {
                        operator: Or,
                        form: Infix,
                        left: Value(
                            ValueId(
                                40,
                            ),
                        ),
                        right: Value(
                            ValueId(
                                41,
                            ),
                        ),
                    },
                },
                Value {
                    span: None,
                    ty: Scalar(
                        Int,
                    ),
                    kind: Load(
                        Local(
                            LocalId(
                                0,
                            ),
                        ),
                    ),
                },
                Value {
                    span: None,
                    ty: Scalar(
                        Int,
                    ),
                    kind: Load(
                        Local(
                            LocalId(
                                1,
                            ),
                        ),
                    ),
                },
                Value {
                    span: Some(
                        581..583,
                    ),
                    ty: Scalar(
                        Int,
                    ),
                    kind: Binary {
                        operator: ShiftLeft,
                        form: Infix,
                        left: Value(
                            ValueId(
                                43,
                            ),
                        ),
                        right: Value(
                            ValueId(
                                44,
                            ),
                        ),
                    },
                },
                Value {
                    span: None,
                    ty: Scalar(
                        Int,
                    ),
                    kind: Load(
                        Local(
                            LocalId(
                                0,
                            ),
                        ),
                    ),
                },
                Value {
                    span: None,
                    ty: Scalar(
                        Int,
                    ),
                    kind: Load(
                        Local(
                            LocalId(
                                1,
                            ),
                        ),
                    ),
                },
                Value {
                    span: Some(
                        609..611,
                    ),
                    ty: Scalar(
                        Int,
                    ),
                    kind: Binary {
                        operator: ShiftRight,
                        form: Infix,
                        left: Value(
                            ValueId(
                                46,
                            ),
                        ),
                        right: Value(
                            ValueId(
                                47,
                            ),
                        ),
                    },
                },
                Value {
                    span: None,
                    ty: Scalar(
                        Int,
                    ),
                    kind: Load(
                        Local(
                            LocalId(
                                2,
                            ),
                        ),
                    ),
                },
            ],
            flow: ControlFlow {
                entry: BlockId(
                    0,
                ),
                locals: [
                    Scalar(
                        Int,
                    ),
                    Scalar(
                        Int,
                    ),
                    Scalar(
                        Int,
                    ),
                    Scalar(
                        Int,
                    ),
                    Scalar(
                        Int,
                    ),
                    Scalar(
                        Int,
                    ),
                    Scalar(
                        Int,
                    ),
                    Scalar(
                        Int,
                    ),
                    Scalar(
                        Int,
                    ),
                    Scalar(
                        Int,
                    ),
                    Scalar(
                        Int,
                    ),
                    Scalar(
                        Int,
                    ),
                    Scalar(
                        Int,
                    ),
                    Scalar(
                        Int,
                    ),
                    Scalar(
                        Int,
                    ),
                    Scalar(
                        Int,
                    ),
                    Scalar(
                        Int,
                    ),
                    Scalar(
                        Int,
                    ),
                    Scalar(
                        Int,
                    ),
                ],
                blocks: [
                    Block {
                        instructions: [
                            Store {
                                place: Local(
                                    LocalId(
                                        0,
                                    ),
                                ),
                                operand: Integer {
                                    value: 40,
                                    ty: Int,
                                },
                            },
                            Store {
                                place: Local(
                                    LocalId(
                                        1,
                                    ),
                                ),
                                operand: Integer {
                                    value: 2,
                                    ty: Int,
                                },
                            },
                            Value(
                                ValueId(
                                    0,
                                ),
                            ),
                            Value(
                                ValueId(
                                    1,
                                ),
                            ),
                            Value(
                                ValueId(
                                    2,
                                ),
                            ),
                            Store {
                                place: Local(
                                    LocalId(
                                        2,
                                    ),
                                ),
                                operand: Value(
                                    ValueId(
                                        2,
                                    ),
                                ),
                            },
                            Value(
                                ValueId(
                                    3,
                                ),
                            ),
                            Value(
                                ValueId(
                                    4,
                                ),
                            ),
                            Value(
                                ValueId(
                                    5,
                                ),
                            ),
                            Store {
                                place: Local(
                                    LocalId(
                                        3,
                                    ),
                                ),
                                operand: Value(
                                    ValueId(
                                        5,
                                    ),
                                ),
                            },
                            Value(
                                ValueId(
                                    6,
                                ),
                            ),
                            Value(
                                ValueId(
                                    7,
                                ),
                            ),
                            Value(
                                ValueId(
                                    8,
                                ),
                            ),
                            Store {
                                place: Local(
                                    LocalId(
                                        4,
                                    ),
                                ),
                                operand: Value(
                                    ValueId(
                                        8,
                                    ),
                                ),
                            },
                            Value(
                                ValueId(
                                    9,
                                ),
                            ),
                            Value(
                                ValueId(
                                    10,
                                ),
                            ),
                            Value(
                                ValueId(
                                    11,
                                ),
                            ),
                            Store {
                                place: Local(
                                    LocalId(
                                        5,
                                    ),
                                ),
                                operand: Value(
                                    ValueId(
                                        11,
                                    ),
                                ),
                            },
                            Value(
                                ValueId(
                                    12,
                                ),
                            ),
                            Value(
                                ValueId(
                                    13,
                                ),
                            ),
                            Value(
                                ValueId(
                                    14,
                                ),
                            ),
                            Store {
                                place: Local(
                                    LocalId(
                                        6,
                                    ),
                                ),
                                operand: Value(
                                    ValueId(
                                        14,
                                    ),
                                ),
                            },
                            Value(
                                ValueId(
                                    15,
                                ),
                            ),
                            Value(
                                ValueId(
                                    16,
                                ),
                            ),
                            Value(
                                ValueId(
                                    17,
                                ),
                            ),
                            Store {
                                place: Local(
                                    LocalId(
                                        7,
                                    ),
                                ),
                                operand: Value(
                                    ValueId(
                                        17,
                                    ),
                                ),
                            },
                            Value(
                                ValueId(
                                    18,
                                ),
                            ),
                            Value(
                                ValueId(
                                    19,
                                ),
                            ),
                            Value(
                                ValueId(
                                    20,
                                ),
                            ),
                            Store {
                                place: Local(
                                    LocalId(
                                        8,
                                    ),
                                ),
                                operand: Value(
                                    ValueId(
                                        20,
                                    ),
                                ),
                            },
                            Value(
                                ValueId(
                                    21,
                                ),
                            ),
                            Value(
                                ValueId(
                                    22,
                                ),
                            ),
                            Value(
                                ValueId(
                                    23,
                                ),
                            ),
                            Store {
                                place: Local(
                                    LocalId(
                                        9,
                                    ),
                                ),
                                operand: Value(
                                    ValueId(
                                        23,
                                    ),
                                ),
                            },
                            Value(
                                ValueId(
                                    24,
                                ),
                            ),
                            Value(
                                ValueId(
                                    25,
                                ),
                            ),
                            Store {
                                place: Local(
                                    LocalId(
                                        10,
                                    ),
                                ),
                                operand: Value(
                                    ValueId(
                                        25,
                                    ),
                                ),
                            },
                            Value(
                                ValueId(
                                    26,
                                ),
                            ),
                            Value(
                                ValueId(
                                    27,
                                ),
                            ),
                            Store {
                                place: Local(
                                    LocalId(
                                        11,
                                    ),
                                ),
                                operand: Value(
                                    ValueId(
                                        27,
                                    ),
                                ),
                            },
                            Value(
                                ValueId(
                                    28,
                                ),
                            ),
                            Value(
                                ValueId(
                                    29,
                                ),
                            ),
                            Store {
                                place: Local(
                                    LocalId(
                                        12,
                                    ),
                                ),
                                operand: Value(
                                    ValueId(
                                        29,
                                    ),
                                ),
                            },
                            Value(
                                ValueId(
                                    30,
                                ),
                            ),
                            Value(
                                ValueId(
                                    31,
                                ),
                            ),
                            Value(
                                ValueId(
                                    32,
                                ),
                            ),
                            Store {
                                place: Local(
                                    LocalId(
                                        13,
                                    ),
                                ),
                                operand: Value(
                                    ValueId(
                                        32,
                                    ),
                                ),
                            },
                            Value(
                                ValueId(
                                    33,
                                ),
                            ),
                            Value(
                                ValueId(
                                    34,
                                ),
                            ),
                            Value(
                                ValueId(
                                    35,
                                ),
                            ),
                            Value(
                                ValueId(
                                    36,
                                ),
                            ),
                            Store {
                                place: Local(
                                    LocalId(
                                        14,
                                    ),
                                ),
                                operand: Value(
                                    ValueId(
                                        36,
                                    ),
                                ),
                            },
                            Value(
                                ValueId(
                                    37,
                                ),
                            ),
                            Value(
                                ValueId(
                                    38,
                                ),
                            ),
                            Value(
                                ValueId(
                                    39,
                                ),
                            ),
                            Store {
                                place: Local(
                                    LocalId(
                                        15,
                                    ),
                                ),
                                operand: Value(
                                    ValueId(
                                        39,
                                    ),
                                ),
                            },
                            Value(
                                ValueId(
                                    40,
                                ),
                            ),
                            Value(
                                ValueId(
                                    41,
                                ),
                            ),
                            Value(
                                ValueId(
                                    42,
                                ),
                            ),
                            Store {
                                place: Local(
                                    LocalId(
                                        16,
                                    ),
                                ),
                                operand: Value(
                                    ValueId(
                                        42,
                                    ),
                                ),
                            },
                            Value(
                                ValueId(
                                    43,
                                ),
                            ),
                            Value(
                                ValueId(
                                    44,
                                ),
                            ),
                            Value(
                                ValueId(
                                    45,
                                ),
                            ),
                            Store {
                                place: Local(
                                    LocalId(
                                        17,
                                    ),
                                ),
                                operand: Value(
                                    ValueId(
                                        45,
                                    ),
                                ),
                            },
                            Value(
                                ValueId(
                                    46,
                                ),
                            ),
                            Value(
                                ValueId(
                                    47,
                                ),
                            ),
                            Value(
                                ValueId(
                                    48,
                                ),
                            ),
                            Store {
                                place: Local(
                                    LocalId(
                                        18,
                                    ),
                                ),
                                operand: Value(
                                    ValueId(
                                        48,
                                    ),
                                ),
                            },
                            Value(
                                ValueId(
                                    49,
                                ),
                            ),
                        ],
                        terminator: Exit {
                            status: Value(
                                ValueId(
                                    49,
                                ),
                            ),
                        },
                    },
                ],
            },
        },
    ],
    main: FunctionId(
        0,
    ),
}
