---
source: src/ir.rs
expression: program.program()
---
Program {
    globals: [],
    functions: [
        Function {
            parameters: 0,
            result: None,
            values: [],
            flow: ControlFlow {
                entry: BlockId(
                    0,
                ),
                locals: [],
                blocks: [
                    Block {
                        instructions: [],
                        terminator: Exit {
                            status: Integer {
                                value: 42,
                                ty: Int,
                            },
                        },
                    },
                ],
            },
        },
    ],
    main: FunctionId(
        0,
    ),
}
