---
source: src/frontend/tests/parser.rs
expression: projected(source)
---
const start name=6..11 span=0..22
  named int span=13..16
  integer 40 span=19..21
fn main name=26..30 span=23..76
  result void
  var local name=47..52 span=43..61
    reference start span=55..60
  exit span=62..74
    reference local span=67..72
var counter name=81..88 span=77..101
  binary Add operator=97..98 span=91..100
    reference start span=91..96
    integer 2 span=99..100
fn helper name=105..111 span=102..124
  result void
const last name=131..135 span=125..146
  reference counter span=138..145
