---
source: src/ir.rs
expression: entry.entry()
---
Entry {
    values: [],
    flow: ControlFlow {
        entry: BlockId(
            0,
        ),
        locals: [
            Int,
        ],
        blocks: [
            Block {
                instructions: [
                    Store {
                        local: LocalId(
                            0,
                        ),
                        operand: Integer {
                            value: 7,
                            ty: Int,
                        },
                    },
                ],
                terminator: Exit {
                    status: Integer {
                        value: 0,
                        ty: Int,
                    },
                },
            },
        ],
    },
}
