---
source: src/ir.rs
expression: entry.entry()
---
Entry {
    values: [
        Value {
            span: None,
            ty: Int,
            kind: Load(
                LocalId(
                    0,
                ),
            ),
        },
        Value {
            span: None,
            ty: Int,
            kind: Load(
                LocalId(
                    0,
                ),
            ),
        },
        Value {
            span: None,
            ty: Int,
            kind: Load(
                LocalId(
                    1,
                ),
            ),
        },
        Value {
            span: None,
            ty: Int,
            kind: Load(
                LocalId(
                    1,
                ),
            ),
        },
    ],
    flow: ControlFlow {
        entry: BlockId(
            0,
        ),
        locals: [
            Int,
            Int,
        ],
        blocks: [
            Block {
                instructions: [
                    Store {
                        local: LocalId(
                            0,
                        ),
                        operand: Integer {
                            value: 1,
                            ty: Int,
                        },
                    },
                    Store {
                        local: LocalId(
                            0,
                        ),
                        operand: Integer {
                            value: 42,
                            ty: Int,
                        },
                    },
                    Value(
                        ValueId(
                            0,
                        ),
                    ),
                    Store {
                        local: LocalId(
                            0,
                        ),
                        operand: Value(
                            ValueId(
                                0,
                            ),
                        ),
                    },
                    Value(
                        ValueId(
                            1,
                        ),
                    ),
                    Store {
                        local: LocalId(
                            1,
                        ),
                        operand: Value(
                            ValueId(
                                1,
                            ),
                        ),
                    },
                    Store {
                        local: LocalId(
                            0,
                        ),
                        operand: Integer {
                            value: 7,
                            ty: Int,
                        },
                    },
                    Value(
                        ValueId(
                            2,
                        ),
                    ),
                    Store {
                        local: LocalId(
                            0,
                        ),
                        operand: Value(
                            ValueId(
                                2,
                            ),
                        ),
                    },
                    Value(
                        ValueId(
                            3,
                        ),
                    ),
                ],
                terminator: Exit {
                    status: Value(
                        ValueId(
                            3,
                        ),
                    ),
                },
            },
        ],
    },
}
