---
source: src/ir.rs
expression: entry.entry()
---
Entry {
    values: [
        Value {
            ty: Int,
            kind: Copy(
                Integer {
                    value: 42,
                    ty: Int,
                },
            ),
        },
        Value {
            ty: Int,
            kind: Copy(
                Value(
                    ValueId(
                        0,
                    ),
                ),
            ),
        },
        Value {
            ty: Int,
            kind: Copy(
                Value(
                    ValueId(
                        1,
                    ),
                ),
            ),
        },
    ],
    exit: Value(
        ValueId(
            2,
        ),
    ),
}
