---
source: src/ir.rs
expression: entry.entry()
---
Entry {
    values: [
        Value {
            span: None,
            ty: I8,
            kind: Copy(
                Integer {
                    value: 42,
                    ty: I8,
                },
            ),
        },
        Value {
            span: Some(
                70..80,
            ),
            ty: I16,
            kind: Convert {
                operand: Value(
                    ValueId(
                        0,
                    ),
                ),
                truncating: false,
            },
        },
        Value {
            span: Some(
                109..120,
            ),
            ty: I64,
            kind: Convert {
                operand: Value(
                    ValueId(
                        1,
                    ),
                ),
                truncating: false,
            },
        },
        Value {
            span: None,
            ty: U8,
            kind: Copy(
                Integer {
                    value: 255,
                    ty: U8,
                },
            ),
        },
        Value {
            span: Some(
                182..195,
            ),
            ty: U64,
            kind: Convert {
                operand: Value(
                    ValueId(
                        3,
                    ),
                ),
                truncating: false,
            },
        },
        Value {
            span: None,
            ty: Int,
            kind: Copy(
                Integer {
                    value: 42,
                    ty: Int,
                },
            ),
        },
        Value {
            span: Some(
                226..237,
            ),
            ty: I32,
            kind: Convert {
                operand: Value(
                    ValueId(
                        5,
                    ),
                ),
                truncating: false,
            },
        },
        Value {
            span: Some(
                266..276,
            ),
            ty: Int,
            kind: Convert {
                operand: Value(
                    ValueId(
                        6,
                    ),
                ),
                truncating: false,
            },
        },
        Value {
            span: None,
            ty: Uint,
            kind: Copy(
                Integer {
                    value: 42,
                    ty: Uint,
                },
            ),
        },
        Value {
            span: Some(
                321..327,
            ),
            ty: U32,
            kind: Convert {
                operand: Value(
                    ValueId(
                        8,
                    ),
                ),
                truncating: false,
            },
        },
        Value {
            span: Some(
                338..346,
            ),
            ty: Uint,
            kind: Convert {
                operand: Value(
                    ValueId(
                        9,
                    ),
                ),
                truncating: false,
            },
        },
        Value {
            span: Some(
                369..379,
            ),
            ty: Int,
            kind: Convert {
                operand: Value(
                    ValueId(
                        0,
                    ),
                ),
                truncating: false,
            },
        },
    ],
    exit: Value(
        ValueId(
            11,
        ),
    ),
}
