---
source: src/ir.rs
expression: entry.entry()
---
Entry {
    values: [
        Value {
            span: None,
            ty: Int,
            kind: Copy(
                Integer {
                    value: 42,
                    ty: Int,
                },
            ),
        },
        Value {
            span: None,
            ty: Int,
            kind: Copy(
                Integer {
                    value: 7,
                    ty: Int,
                },
            ),
        },
    ],
    exit: Integer {
        value: 0,
        ty: Int,
    },
}
