---
source: src/ir.rs
expression: entry.entry()
---
Entry {
    values: [
        Value {
            ty: Int,
            kind: Copy(
                Integer {
                    value: 1,
                    ty: Int,
                },
            ),
        },
        Value {
            ty: Int,
            kind: Copy(
                Integer {
                    value: 42,
                    ty: Int,
                },
            ),
        },
    ],
    exit: Value(
        ValueId(
            1,
        ),
    ),
}
