---
source: src/ir.rs
expression: entry.entry()
---
Entry {
    values: [
        Value {
            span: None,
            ty: Int,
            kind: Load(
                LocalId(
                    0,
                ),
            ),
        },
        Value {
            span: Some(
                209..210,
            ),
            ty: Int,
            kind: Binary {
                operator: Add,
                form: Infix,
                left: Value(
                    ValueId(
                        0,
                    ),
                ),
                right: Integer {
                    value: 2,
                    ty: Int,
                },
            },
        },
        Value {
            span: None,
            ty: Int,
            kind: Load(
                LocalId(
                    0,
                ),
            ),
        },
    ],
    flow: ControlFlow {
        entry: BlockId(
            0,
        ),
        locals: [
            Int,
            U8,
        ],
        blocks: [
            Block {
                instructions: [
                    Store {
                        local: LocalId(
                            0,
                        ),
                        operand: Integer {
                            value: 40,
                            ty: Int,
                        },
                    },
                    Store {
                        local: LocalId(
                            1,
                        ),
                        operand: Integer {
                            value: 1,
                            ty: U8,
                        },
                    },
                    Store {
                        local: LocalId(
                            1,
                        ),
                        operand: Integer {
                            value: 2,
                            ty: U8,
                        },
                    },
                    Value(
                        ValueId(
                            0,
                        ),
                    ),
                    Value(
                        ValueId(
                            1,
                        ),
                    ),
                    Store {
                        local: LocalId(
                            0,
                        ),
                        operand: Value(
                            ValueId(
                                1,
                            ),
                        ),
                    },
                    Value(
                        ValueId(
                            2,
                        ),
                    ),
                ],
                terminator: Exit {
                    status: Value(
                        ValueId(
                            2,
                        ),
                    ),
                },
            },
        ],
    },
}
